{"level":"info","message":"Server running on port 8000","timestamp":"2026-06-06T07:42:00.100Z"}
{"level":"info","message":"WebSocket server initialized","timestamp":"2026-06-06T07:42:00.104Z"}
{"level":"info","message":{"ip":"::1","method":"GET","url":"/health"},"timestamp":"2026-06-06T07:44:00.239Z"}
{"level":"info","message":"Backend self-ping ok","timestamp":"2026-06-06T07:44:00.267Z"}
{"level":"info","message":"Server running on port 8000","timestamp":"2026-06-06T07:52:59.470Z"}
{"level":"warn","message":"Metrics push failed","timestamp":"2026-06-06T07:53:14.696Z"}
{"level":"warn","message":"Metrics push failed","timestamp":"2026-06-06T07:53:29.743Z"}
{"level":"warn","message":"Metrics push failed","timestamp":"2026-06-06T07:53:44.847Z"}
{"level":"warn","message":"Metrics push failed","timestamp":"2026-06-06T07:53:59.622Z"}
{"level":"warn","message":"Metrics push failed","timestamp":"2026-06-06T07:54:14.641Z"}
{"level":"warn","message":"Metrics push failed","timestamp":"2026-06-06T07:54:29.840Z"}
{"level":"warn","message":"Metrics push failed","timestamp":"2026-06-06T07:54:44.643Z"}
{"level":"warn","message":"Metrics push failed","timestamp":"2026-06-06T07:54:59.605Z"}
{"level":"warn","message":"Metrics push failed","timestamp":"2026-06-06T07:55:14.623Z"}
{"level":"warn","message":"Metrics push failed","timestamp":"2026-06-06T07:55:29.621Z"}
{"level":"warn","message":"Metrics push failed","timestamp":"2026-06-06T07:55:44.769Z"}
{"level":"warn","message":"Metrics push failed","timestamp":"2026-06-06T07:55:59.883Z"}
{"level":"warn","message":"Metrics push failed","timestamp":"2026-06-06T07:56:14.661Z"}
{"level":"warn","message":"Metrics push failed","timestamp":"2026-06-06T07:56:29.740Z"}
{"level":"warn","message":"Metrics push failed","timestamp":"2026-06-06T07:56:44.666Z"}
{"level":"warn","message":"Metrics push failed","timestamp":"2026-06-06T07:56:59.736Z"}
{"level":"warn","message":"Metrics push failed","timestamp":"2026-06-06T07:57:14.685Z"}
{"level":"warn","message":"Metrics push failed","timestamp":"2026-06-06T07:57:29.705Z"}
{"level":"warn","message":"Metrics push failed","timestamp":"2026-06-06T07:57:44.877Z"}
{"level":"warn","message":"Metrics push failed","timestamp":"2026-06-06T07:57:59.719Z"}
{"level":"warn","message":"Backend self-ping failed","timestamp":"2026-06-06T07:58:00.700Z"}
{"level":"warn","message":"Metrics push failed","timestamp":"2026-06-06T07:58:14.739Z"}
{"level":"warn","message":"Metrics push failed","timestamp":"2026-06-06T07:58:30.062Z"}
{"level":"warn","message":"Metrics push failed","timestamp":"2026-06-06T07:58:44.779Z"}
{"level":"warn","message":"Metrics push failed","timestamp":"2026-06-06T07:58:59.914Z"}
{"level":"warn","message":"Metrics push failed","timestamp":"2026-06-06T07:59:15.062Z"}
{"level":"warn","message":"Metrics push failed","timestamp":"2026-06-06T07:59:30.174Z"}
{"level":"warn","message":"Metrics push failed","timestamp":"2026-06-06T07:59:44.758Z"}
{"level":"warn","message":"Metrics push failed","timestamp":"2026-06-06T07:59:59.871Z"}
{"level":"warn","message":"Metrics push failed","timestamp":"2026-06-06T08:00:14.786Z"}
{"level":"info","message":"Server running on port 8000","timestamp":"2026-06-06T08:00:20.890Z"}
{"level":"error","message":"Cannot read properties of undefined (reading 'startTimer')","stack":"TypeError: Cannot read properties of undefined (reading 'startTimer')\n    at C:\\Dev\\YT-main-backup\\BACKEND\\server.js:42:34\n    at Layer.handle [as handle_request] (C:\\Dev\\YT-main-backup\\BACKEND\\node_modules\\express\\lib\\router\\layer.js:95:5)\n    at trim_prefix (C:\\Dev\\YT-main-backup\\BACKEND\\node_modules\\express\\lib\\router\\index.js:328:13)\n    at C:\\Dev\\YT-main-backup\\BACKEND\\node_modules\\express\\lib\\router\\index.js:286:9\n    at router.process_params (C:\\Dev\\YT-main-backup\\BACKEND\\node_modules\\express\\lib\\router\\index.js:346:12)\n    at next (C:\\Dev\\YT-main-backup\\BACKEND\\node_modules\\express\\lib\\router\\index.js:280:10)\n    at jsonParser (C:\\Dev\\YT-main-backup\\BACKEND\\node_modules\\body-parser\\lib\\types\\json.js:113:7)\n    at Layer.handle [as handle_request] (C:\\Dev\\YT-main-backup\\BACKEND\\node_modules\\express\\lib\\router\\layer.js:95:5)\n    at trim_prefix (C:\\Dev\\YT-main-backup\\BACKEND\\node_modules\\express\\lib\\router\\index.js:328:13)\n    at C:\\Dev\\YT-main-backup\\BACKEND\\node_modules\\express\\lib\\router\\index.js:286:9","timestamp":"2026-06-06T08:00:30.401Z","url":"/metrics"}
{"level":"error","message":"Cannot read properties of undefined (reading 'startTimer')","stack":"TypeError: Cannot read properties of undefined (reading 'startTimer')\n    at C:\\Dev\\YT-main-backup\\BACKEND\\server.js:42:34\n    at Layer.handle [as handle_request] (C:\\Dev\\YT-main-backup\\BACKEND\\node_modules\\express\\lib\\router\\layer.js:95:5)\n    at trim_prefix (C:\\Dev\\YT-main-backup\\BACKEND\\node_modules\\express\\lib\\router\\index.js:328:13)\n    at C:\\Dev\\YT-main-backup\\BACKEND\\node_modules\\express\\lib\\router\\index.js:286:9\n    at router.process_params (C:\\Dev\\YT-main-backup\\BACKEND\\node_modules\\express\\lib\\router\\index.js:346:12)\n    at next (C:\\Dev\\YT-main-backup\\BACKEND\\node_modules\\express\\lib\\router\\index.js:280:10)\n    at jsonParser (C:\\Dev\\YT-main-backup\\BACKEND\\node_modules\\body-parser\\lib\\types\\json.js:113:7)\n    at Layer.handle [as handle_request] (C:\\Dev\\YT-main-backup\\BACKEND\\node_modules\\express\\lib\\router\\layer.js:95:5)\n    at trim_prefix (C:\\Dev\\YT-main-backup\\BACKEND\\node_modules\\express\\lib\\router\\index.js:328:13)\n    at C:\\Dev\\YT-main-backup\\BACKEND\\node_modules\\express\\lib\\router\\index.js:286:9","timestamp":"2026-06-06T08:00:31.064Z","url":"/health"}
{"level":"warn","message":"Metrics push failed","timestamp":"2026-06-06T08:00:36.042Z"}
{"level":"warn","message":"Metrics push failed","timestamp":"2026-06-06T08:00:50.991Z"}
{"level":"warn","message":"Metrics push failed","timestamp":"2026-06-06T08:01:06.030Z"}
{"level":"warn","message":"Metrics push failed","timestamp":"2026-06-06T08:01:21.015Z"}
{"level":"warn","message":"Metrics push failed","timestamp":"2026-06-06T08:01:36.026Z"}
{"level":"warn","message":"Metrics push failed","timestamp":"2026-06-06T08:01:51.071Z"}
{"level":"warn","message":"Metrics push failed","timestamp":"2026-06-06T08:02:06.084Z"}
{"level":"warn","message":"Metrics push failed","timestamp":"2026-06-06T08:02:21.295Z"}
{"level":"warn","message":"Metrics push failed","timestamp":"2026-06-06T08:02:36.193Z"}
{"level":"warn","message":"Metrics push failed","timestamp":"2026-06-06T08:02:51.050Z"}
{"level":"warn","message":"Metrics push failed","timestamp":"2026-06-06T08:03:06.050Z"}
{"level":"warn","message":"Metrics push failed","timestamp":"2026-06-06T08:03:21.191Z"}
{"level":"warn","message":"Metrics push failed","timestamp":"2026-06-06T08:03:36.041Z"}
{"level":"warn","message":"Metrics push failed","timestamp":"2026-06-06T08:03:51.070Z"}
{"level":"warn","message":"Metrics push failed","timestamp":"2026-06-06T08:04:06.209Z"}
{"level":"warn","message":"Metrics push failed","timestamp":"2026-06-06T08:04:21.088Z"}
{"level":"warn","message":"Metrics push failed","timestamp":"2026-06-06T08:04:36.417Z"}
{"level":"warn","message":"Metrics push failed","timestamp":"2026-06-06T08:04:51.107Z"}
{"level":"warn","message":"Metrics push failed","timestamp":"2026-06-06T08:05:06.112Z"}
{"level":"warn","message":"Metrics push failed","timestamp":"2026-06-06T08:05:21.238Z"}
{"level":"warn","message":"Metrics push failed","timestamp":"2026-06-06T08:05:36.087Z"}
{"level":"warn","message":"Metrics push failed","timestamp":"2026-06-06T08:05:51.516Z"}
{"level":"warn","message":"Metrics push failed","timestamp":"2026-06-06T08:06:06.143Z"}
{"level":"warn","message":"Metrics push failed","timestamp":"2026-06-06T08:06:21.122Z"}
{"level":"warn","message":"Metrics push failed","timestamp":"2026-06-06T08:06:36.262Z"}
{"level":"warn","message":"Metrics push failed","timestamp":"2026-06-06T08:06:51.128Z"}
{"level":"warn","message":"Metrics push failed","timestamp":"2026-06-06T08:07:06.304Z"}
{"level":"warn","message":"Metrics push failed","timestamp":"2026-06-06T08:07:21.396Z"}
{"level":"warn","message":"Metrics push failed","timestamp":"2026-06-06T08:07:36.303Z"}
{"level":"warn","message":"Metrics push failed","timestamp":"2026-06-06T08:07:51.186Z"}
{"level":"warn","message":"Metrics push failed","timestamp":"2026-06-06T08:08:06.569Z"}
{"level":"warn","message":"Metrics push failed","timestamp":"2026-06-06T08:08:21.233Z"}
{"level":"warn","message":"Metrics push failed","timestamp":"2026-06-06T08:08:36.192Z"}
{"level":"warn","message":"Metrics push failed","timestamp":"2026-06-06T08:08:51.344Z"}
{"level":"warn","message":"Metrics push failed","timestamp":"2026-06-06T08:09:06.182Z"}
{"level":"warn","message":"Metrics push failed","timestamp":"2026-06-06T08:09:21.343Z"}
{"level":"warn","message":"Metrics push failed","timestamp":"2026-06-06T08:09:36.199Z"}
{"level":"warn","message":"Metrics push failed","timestamp":"2026-06-06T08:09:51.371Z"}
{"level":"warn","message":"Metrics push failed","timestamp":"2026-06-06T08:10:06.221Z"}
{"level":"warn","message":"Metrics push failed","timestamp":"2026-06-06T08:10:21.502Z"}
{"level":"warn","message":"Metrics push failed","timestamp":"2026-06-06T08:10:36.244Z"}
{"level":"warn","message":"Metrics push failed","timestamp":"2026-06-06T08:10:51.299Z"}
{"level":"warn","message":"Metrics push failed","timestamp":"2026-06-06T08:11:06.263Z"}
{"level":"warn","message":"Metrics push failed","timestamp":"2026-06-06T08:11:21.324Z"}
{"level":"warn","message":"Metrics push failed","timestamp":"2026-06-06T08:11:36.300Z"}
{"level":"warn","message":"Metrics push failed","timestamp":"2026-06-06T08:11:51.323Z"}
{"level":"warn","message":"Backend self-ping failed","timestamp":"2026-06-06T08:12:01.243Z"}
{"level":"warn","message":"Metrics push failed","timestamp":"2026-06-06T08:12:06.426Z"}
{"level":"warn","message":"Metrics push failed","timestamp":"2026-06-06T08:12:21.345Z"}
{"level":"warn","message":"Metrics push failed","timestamp":"2026-06-06T08:12:36.327Z"}
{"level":"warn","message":"Metrics push failed","timestamp":"2026-06-06T08:12:51.460Z"}
{"level":"warn","message":"Metrics push failed","timestamp":"2026-06-06T08:13:06.405Z"}
{"level":"warn","message":"Metrics push failed","timestamp":"2026-06-06T08:13:21.348Z"}
{"level":"warn","message":"Metrics push failed","timestamp":"2026-06-06T08:13:36.573Z"}
{"level":"warn","message":"Metrics push failed","timestamp":"2026-06-06T08:13:51.410Z"}
{"level":"warn","message":"Metrics push failed","timestamp":"2026-06-06T08:14:06.440Z"}
{"level":"warn","message":"Metrics push failed","timestamp":"2026-06-06T08:14:21.393Z"}
{"level":"warn","message":"Metrics push failed","timestamp":"2026-06-06T08:14:36.564Z"}
{"level":"warn","message":"Metrics push failed","timestamp":"2026-06-06T08:14:51.399Z"}
{"level":"warn","message":"Metrics push failed","timestamp":"2026-06-06T08:15:06.568Z"}
{"level":"warn","message":"Metrics push failed","timestamp":"2026-06-06T08:15:21.424Z"}
{"level":"warn","message":"Metrics push failed","timestamp":"2026-06-06T08:15:36.567Z"}
{"level":"warn","message":"Metrics push failed","timestamp":"2026-06-06T10:41:19.764Z"}
{"level":"warn","message":"Metrics push failed","timestamp":"2026-06-06T10:41:34.364Z"}
{"level":"warn","message":"Metrics push failed","timestamp":"2026-06-06T10:41:49.226Z"}
{"level":"warn","message":"Metrics push failed","timestamp":"2026-06-06T10:42:04.247Z"}
{"level":"warn","message":"Metrics push failed","timestamp":"2026-06-06T10:42:19.390Z"}
{"level":"warn","message":"Metrics push failed","timestamp":"2026-06-06T10:42:34.289Z"}
{"level":"warn","message":"Metrics push failed","timestamp":"2026-06-06T10:42:49.712Z"}
{"level":"warn","message":"Metrics push failed","timestamp":"2026-06-06T10:43:04.309Z"}
{"level":"warn","message":"Metrics push failed","timestamp":"2026-06-06T10:43:19.459Z"}
{"level":"warn","message":"Metrics push failed","timestamp":"2026-06-06T10:43:34.297Z"}
{"level":"warn","message":"Metrics push failed","timestamp":"2026-06-06T10:43:49.448Z"}
{"level":"warn","message":"Backend self-ping failed","timestamp":"2026-06-06T10:44:01.578Z"}
{"level":"warn","message":"Metrics push failed","timestamp":"2026-06-06T10:44:04.313Z"}
{"level":"warn","message":"Metrics push failed","timestamp":"2026-06-06T10:44:19.363Z"}
{"level":"warn","message":"Metrics push failed","timestamp":"2026-06-06T10:44:34.817Z"}
{"level":"warn","message":"Metrics push failed","timestamp":"2026-06-06T10:44:49.352Z"}
{"level":"warn","message":"Metrics push failed","timestamp":"2026-06-06T10:45:04.506Z"}
{"level":"warn","message":"Metrics push failed","timestamp":"2026-06-06T10:45:19.393Z"}
{"level":"warn","message":"Metrics push failed","timestamp":"2026-06-06T10:45:34.388Z"}
{"level":"warn","message":"Metrics push failed","timestamp":"2026-06-06T10:45:49.541Z"}
{"level":"warn","message":"Metrics push failed","timestamp":"2026-06-06T10:46:05.096Z"}
{"level":"warn","message":"Metrics push failed","timestamp":"2026-06-06T10:46:19.805Z"}
{"level":"warn","message":"Metrics push failed","timestamp":"2026-06-06T10:46:34.789Z"}
{"level":"warn","message":"Metrics push failed","timestamp":"2026-06-06T10:46:49.434Z"}
{"level":"warn","message":"Metrics push failed","timestamp":"2026-06-06T10:47:04.622Z"}
{"level":"warn","message":"Metrics push failed","timestamp":"2026-06-06T10:47:19.454Z"}
{"level":"warn","message":"Metrics push failed","timestamp":"2026-06-06T10:47:34.853Z"}
{"level":"warn","message":"Metrics push failed","timestamp":"2026-06-06T10:47:49.481Z"}
{"level":"warn","message":"Metrics push failed","timestamp":"2026-06-06T10:48:04.500Z"}
{"level":"warn","message":"Metrics push failed","timestamp":"2026-06-06T10:48:19.632Z"}
{"level":"warn","message":"Metrics push failed","timestamp":"2026-06-06T10:48:34.571Z"}
{"level":"warn","message":"Metrics push failed","timestamp":"2026-06-06T10:48:49.702Z"}
{"level":"warn","message":"Metrics push failed","timestamp":"2026-06-06T10:49:04.514Z"}
{"level":"warn","message":"Metrics push failed","timestamp":"2026-06-06T10:49:19.545Z"}
{"level":"warn","message":"Metrics push failed","timestamp":"2026-06-06T10:49:34.530Z"}
{"level":"warn","message":"Metrics push failed","timestamp":"2026-06-06T10:49:49.604Z"}
{"level":"warn","message":"Metrics push failed","timestamp":"2026-06-06T10:50:04.564Z"}
{"level":"warn","message":"Metrics push failed","timestamp":"2026-06-06T10:50:19.598Z"}
{"level":"warn","message":"Metrics push failed","timestamp":"2026-06-06T10:50:34.708Z"}
{"level":"warn","message":"Metrics push failed","timestamp":"2026-06-06T10:50:49.559Z"}
{"level":"warn","message":"Metrics push failed","timestamp":"2026-06-06T10:51:04.559Z"}
{"level":"warn","message":"Metrics push failed","timestamp":"2026-06-06T10:51:19.709Z"}
{"level":"warn","message":"Metrics push failed","timestamp":"2026-06-06T10:51:34.578Z"}
{"level":"warn","message":"Metrics push failed","timestamp":"2026-06-06T10:51:49.602Z"}
{"level":"warn","message":"Metrics push failed","timestamp":"2026-06-06T10:52:04.653Z"}
{"level":"warn","message":"Metrics push failed","timestamp":"2026-06-06T10:52:19.612Z"}
{"level":"warn","message":"Metrics push failed","timestamp":"2026-06-06T10:52:34.630Z"}
{"level":"warn","message":"Metrics push failed","timestamp":"2026-06-06T10:52:49.781Z"}
{"level":"warn","message":"Metrics push failed","timestamp":"2026-06-06T10:53:04.644Z"}
{"level":"warn","message":"Metrics push failed","timestamp":"2026-06-06T10:53:19.618Z"}
{"level":"warn","message":"Metrics push failed","timestamp":"2026-06-06T10:53:34.635Z"}
{"level":"warn","message":"Metrics push failed","timestamp":"2026-06-06T10:53:49.607Z"}
{"level":"warn","message":"Metrics push failed","timestamp":"2026-06-06T10:54:04.680Z"}
{"level":"warn","message":"Metrics push failed","timestamp":"2026-06-06T10:54:19.657Z"}
{"level":"warn","message":"Metrics push failed","timestamp":"2026-06-06T10:54:34.949Z"}
{"level":"warn","message":"Metrics push failed","timestamp":"2026-06-06T10:54:49.669Z"}
{"level":"warn","message":"Metrics push failed","timestamp":"2026-06-06T10:55:04.660Z"}
{"level":"warn","message":"Metrics push failed","timestamp":"2026-06-06T10:55:19.691Z"}
{"level":"warn","message":"Metrics push failed","timestamp":"2026-06-06T10:55:34.664Z"}
{"level":"warn","message":"Metrics push failed","timestamp":"2026-06-06T10:55:49.706Z"}
{"level":"warn","message":"Metrics push failed","timestamp":"2026-06-06T10:56:04.686Z"}
{"level":"warn","message":"Metrics push failed","timestamp":"2026-06-06T10:56:19.743Z"}
{"level":"warn","message":"Metrics push failed","timestamp":"2026-06-06T10:56:34.691Z"}
{"level":"warn","message":"Metrics push failed","timestamp":"2026-06-06T10:56:50.070Z"}
{"level":"warn","message":"Metrics push failed","timestamp":"2026-06-06T10:57:04.720Z"}
{"level":"warn","message":"Metrics push failed","timestamp":"2026-06-06T10:57:19.796Z"}
{"level":"warn","message":"Metrics push failed","timestamp":"2026-06-06T10:57:34.746Z"}
{"level":"warn","message":"Metrics push failed","timestamp":"2026-06-06T10:57:49.739Z"}
{"level":"warn","message":"Backend self-ping failed","timestamp":"2026-06-06T10:58:02.080Z"}
{"level":"warn","message":"Metrics push failed","timestamp":"2026-06-06T10:58:04.853Z"}
{"level":"warn","message":"Metrics push failed","timestamp":"2026-06-06T10:58:19.733Z"}
{"level":"warn","message":"Metrics push failed","timestamp":"2026-06-06T10:58:35.014Z"}
{"level":"warn","message":"Metrics push failed","timestamp":"2026-06-06T10:58:49.779Z"}
{"level":"warn","message":"Metrics push failed","timestamp":"2026-06-06T10:59:04.764Z"}
{"level":"warn","message":"Metrics push failed","timestamp":"2026-06-06T10:59:19.796Z"}
{"level":"warn","message":"Metrics push failed","timestamp":"2026-06-06T10:59:34.766Z"}
{"level":"warn","message":"Metrics push failed","timestamp":"2026-06-06T10:59:49.804Z"}
{"level":"warn","message":"Metrics push failed","timestamp":"2026-06-06T11:00:04.842Z"}
{"level":"warn","message":"Metrics push failed","timestamp":"2026-06-06T11:00:20.239Z"}
{"level":"info","message":"Server running on port 8000","timestamp":"2026-06-06T11:00:41.413Z"}
{"level":"warn","message":"Metrics push failed","timestamp":"2026-06-06T11:00:56.631Z"}
{"level":"warn","message":"Metrics push failed","timestamp":"2026-06-06T11:01:11.595Z"}
{"level":"warn","message":"Metrics push failed","timestamp":"2026-06-06T11:01:26.711Z"}
{"level":"warn","message":"Metrics push failed","timestamp":"2026-06-06T11:01:41.518Z"}
{"level":"warn","message":"Metrics push failed","timestamp":"2026-06-06T11:01:56.552Z"}
{"level":"warn","message":"Metrics push failed","timestamp":"2026-06-06T11:02:11.521Z"}
{"level":"warn","message":"Metrics push failed","timestamp":"2026-06-06T11:02:26.567Z"}
{"level":"warn","message":"Metrics push failed","timestamp":"2026-06-06T11:02:41.542Z"}
{"level":"warn","message":"Metrics push failed","timestamp":"2026-06-06T11:02:56.547Z"}
{"level":"warn","message":"Metrics push failed","timestamp":"2026-06-06T11:03:11.920Z"}
{"level":"warn","message":"Metrics push failed","timestamp":"2026-06-06T11:03:26.582Z"}
{"level":"warn","message":"Metrics push failed","timestamp":"2026-06-06T11:03:41.593Z"}
{"level":"warn","message":"Metrics push failed","timestamp":"2026-06-06T11:03:56.583Z"}
{"level":"error","message":"Cannot read properties of undefined (reading 'startTimer')","stack":"TypeError: Cannot read properties of undefined (reading 'startTimer')\n    at C:\\Dev\\YT-main-backup\\BACKEND\\server.js:42:34\n    at Layer.handle [as handle_request] (C:\\Dev\\YT-main-backup\\BACKEND\\node_modules\\express\\lib\\router\\layer.js:95:5)\n    at trim_prefix (C:\\Dev\\YT-main-backup\\BACKEND\\node_modules\\express\\lib\\router\\index.js:328:13)\n    at C:\\Dev\\YT-main-backup\\BACKEND\\node_modules\\express\\lib\\router\\index.js:286:9\n    at router.process_params (C:\\Dev\\YT-main-backup\\BACKEND\\node_modules\\express\\lib\\router\\index.js:346:12)\n    at next (C:\\Dev\\YT-main-backup\\BACKEND\\node_modules\\express\\lib\\router\\index.js:280:10)\n    at C:\\Dev\\YT-main-backup\\BACKEND\\node_modules\\express-rate-limit\\dist\\index.cjs:999:7\n    at process.processTicksAndRejections (node:internal/process/task_queues:104:5)\n    at async C:\\Dev\\YT-main-backup\\BACKEND\\node_modules\\express-rate-limit\\dist\\index.cjs:854:5","timestamp":"2026-06-06T11:04:01.586Z","url":"/api/feed/home"}
{"level":"warn","message":"Metrics push failed","timestamp":"2026-06-06T11:04:11.570Z"}
{"level":"warn","message":"Metrics push failed","timestamp":"2026-06-06T11:04:26.586Z"}
{"level":"warn","message":"Metrics push failed","timestamp":"2026-06-06T11:04:41.601Z"}
{"level":"warn","message":"Metrics push failed","timestamp":"2026-06-06T11:04:56.642Z"}
{"level":"warn","message":"Metrics push failed","timestamp":"2026-06-06T11:05:11.600Z"}
{"level":"warn","message":"Metrics push failed","timestamp":"2026-06-06T11:05:26.632Z"}
{"level":"warn","message":"Metrics push failed","timestamp":"2026-06-06T11:05:41.615Z"}
{"level":"warn","message":"Metrics push failed","timestamp":"2026-06-06T11:05:56.670Z"}
{"level":"warn","message":"Metrics push failed","timestamp":"2026-06-06T11:06:11.643Z"}
{"level":"warn","message":"Metrics push failed","timestamp":"2026-06-06T11:06:26.677Z"}
{"level":"warn","message":"Metrics push failed","timestamp":"2026-06-06T11:06:41.680Z"}
{"level":"warn","message":"Metrics push failed","timestamp":"2026-06-06T11:06:56.702Z"}
{"level":"warn","message":"Metrics push failed","timestamp":"2026-06-06T11:07:11.646Z"}
{"level":"warn","message":"Metrics push failed","timestamp":"2026-06-06T11:07:26.678Z"}
{"level":"warn","message":"Metrics push failed","timestamp":"2026-06-06T11:07:41.987Z"}
{"level":"warn","message":"Metrics push failed","timestamp":"2026-06-06T11:07:56.674Z"}
{"level":"info","message":"Server running on port 8000","timestamp":"2026-06-06T11:08:11.970Z"}
{"level":"info","message":"Server running on port 8000","timestamp":"2026-06-06T11:08:25.421Z"}
{"level":"info","message":"Server running on port 8000","timestamp":"2026-06-06T11:08:41.790Z"}
{"level":"info","message":"Server running on port 8000","timestamp":"2026-06-06T11:08:50.842Z"}
{"level":"warn","message":"Metrics push failed","timestamp":"2026-06-06T11:09:05.974Z"}
{"level":"warn","message":"Metrics push failed","timestamp":"2026-06-06T11:09:20.985Z"}
{"level":"warn","message":"Metrics push failed","timestamp":"2026-06-06T11:09:36.138Z"}
{"level":"warn","message":"Metrics push failed","timestamp":"2026-06-06T11:09:50.936Z"}
{"level":"error","message":"apiRequestDuration is not defined","stack":"ReferenceError: apiRequestDuration is not defined\n    at C:\\Dev\\YT-main-backup\\BACKEND\\server.js:43:15\n    at Layer.handle [as handle_request] (C:\\Dev\\YT-main-backup\\BACKEND\\node_modules\\express\\lib\\router\\layer.js:95:5)\n    at trim_prefix (C:\\Dev\\YT-main-backup\\BACKEND\\node_modules\\express\\lib\\router\\index.js:328:13)\n    at C:\\Dev\\YT-main-backup\\BACKEND\\node_modules\\express\\lib\\router\\index.js:286:9\n    at router.process_params (C:\\Dev\\YT-main-backup\\BACKEND\\node_modules\\express\\lib\\router\\index.js:346:12)\n    at next (C:\\Dev\\YT-main-backup\\BACKEND\\node_modules\\express\\lib\\router\\index.js:280:10)\n    at C:\\Dev\\YT-main-backup\\BACKEND\\node_modules\\express-rate-limit\\dist\\index.cjs:999:7\n    at process.processTicksAndRejections (node:internal/process/task_queues:104:5)\n    at async C:\\Dev\\YT-main-backup\\BACKEND\\node_modules\\express-rate-limit\\dist\\index.cjs:854:5","timestamp":"2026-06-06T11:10:04.915Z","url":"/api/login"}
{"level":"info","message":"Server running on port 8000","timestamp":"2026-06-06T11:10:08.898Z"}
{"level":"error","message":"apiRequestDuration is not defined","stack":"ReferenceError: apiRequestDuration is not defined\n    at C:\\Dev\\YT-main-backup\\BACKEND\\server.js:43:15\n    at Layer.handle [as handle_request] (C:\\Dev\\YT-main-backup\\BACKEND\\node_modules\\express\\lib\\router\\layer.js:95:5)\n    at trim_prefix (C:\\Dev\\YT-main-backup\\BACKEND\\node_modules\\express\\lib\\router\\index.js:328:13)\n    at C:\\Dev\\YT-main-backup\\BACKEND\\node_modules\\express\\lib\\router\\index.js:286:9\n    at router.process_params (C:\\Dev\\YT-main-backup\\BACKEND\\node_modules\\express\\lib\\router\\index.js:346:12)\n    at next (C:\\Dev\\YT-main-backup\\BACKEND\\node_modules\\express\\lib\\router\\index.js:280:10)\n    at C:\\Dev\\YT-main-backup\\BACKEND\\node_modules\\express-rate-limit\\dist\\index.cjs:999:7\n    at process.processTicksAndRejections (node:internal/process/task_queues:104:5)\n    at async C:\\Dev\\YT-main-backup\\BACKEND\\node_modules\\express-rate-limit\\dist\\index.cjs:854:5","timestamp":"2026-06-06T11:10:09.053Z","url":"/api/login"}
{"level":"error","message":"apiRequestDuration is not defined","stack":"ReferenceError: apiRequestDuration is not defined\n    at C:\\Dev\\YT-main-backup\\BACKEND\\server.js:43:15\n    at Layer.handle [as handle_request] (C:\\Dev\\YT-main-backup\\BACKEND\\node_modules\\express\\lib\\router\\layer.js:95:5)\n    at trim_prefix (C:\\Dev\\YT-main-backup\\BACKEND\\node_modules\\express\\lib\\router\\index.js:328:13)\n    at C:\\Dev\\YT-main-backup\\BACKEND\\node_modules\\express\\lib\\router\\index.js:286:9\n    at router.process_params (C:\\Dev\\YT-main-backup\\BACKEND\\node_modules\\express\\lib\\router\\index.js:346:12)\n    at next (C:\\Dev\\YT-main-backup\\BACKEND\\node_modules\\express\\lib\\router\\index.js:280:10)\n    at C:\\Dev\\YT-main-backup\\BACKEND\\node_modules\\express-rate-limit\\dist\\index.cjs:999:7\n    at process.processTicksAndRejections (node:internal/process/task_queues:104:5)\n    at async C:\\Dev\\YT-main-backup\\BACKEND\\node_modules\\express-rate-limit\\dist\\index.cjs:854:5","timestamp":"2026-06-06T11:10:11.430Z","url":"/api/login"}
{"level":"error","message":"apiRequestDuration is not defined","stack":"ReferenceError: apiRequestDuration is not defined\n    at C:\\Dev\\YT-main-backup\\BACKEND\\server.js:43:15\n    at Layer.handle [as handle_request] (C:\\Dev\\YT-main-backup\\BACKEND\\node_modules\\express\\lib\\router\\layer.js:95:5)\n    at trim_prefix (C:\\Dev\\YT-main-backup\\BACKEND\\node_modules\\express\\lib\\router\\index.js:328:13)\n    at C:\\Dev\\YT-main-backup\\BACKEND\\node_modules\\express\\lib\\router\\index.js:286:9\n    at router.process_params (C:\\Dev\\YT-main-backup\\BACKEND\\node_modules\\express\\lib\\router\\index.js:346:12)\n    at next (C:\\Dev\\YT-main-backup\\BACKEND\\node_modules\\express\\lib\\router\\index.js:280:10)\n    at C:\\Dev\\YT-main-backup\\BACKEND\\node_modules\\express-rate-limit\\dist\\index.cjs:999:7\n    at process.processTicksAndRejections (node:internal/process/task_queues:104:5)\n    at async C:\\Dev\\YT-main-backup\\BACKEND\\node_modules\\express-rate-limit\\dist\\index.cjs:854:5","timestamp":"2026-06-06T11:10:22.846Z","url":"/api/login"}
{"level":"warn","message":"Metrics push failed","timestamp":"2026-06-06T11:10:24.175Z"}
{"level":"warn","message":"Metrics push failed","timestamp":"2026-06-06T11:10:39.375Z"}
{"level":"warn","message":"Metrics push failed","timestamp":"2026-06-06T11:10:54.033Z"}
{"level":"warn","message":"Metrics push failed","timestamp":"2026-06-06T11:11:09.013Z"}
{"level":"warn","message":"Metrics push failed","timestamp":"2026-06-06T11:11:24.171Z"}
{"level":"warn","message":"Metrics push failed","timestamp":"2026-06-06T11:11:39.027Z"}
{"level":"warn","message":"Metrics push failed","timestamp":"2026-06-06T11:11:54.051Z"}
{"level":"warn","message":"Backend self-ping failed","timestamp":"2026-06-06T11:12:00.926Z"}
{"level":"warn","message":"Metrics push failed","timestamp":"2026-06-06T11:12:09.033Z"}
{"level":"warn","message":"Metrics push failed","timestamp":"2026-06-06T11:12:24.063Z"}
